 ThreePointBending_0001.out
************************************************************************
**                                                                    **
**                                                                    **
**                         OpenRadioss Engine                         **
**                                                                    **
**            Non-linear Finite Element Analysis Software             **
**                                                                    **
**                                                                    **
**                                                                    **
**                  Windows 64 bits, Intel compiler                   **
**                      Double Precision Version                      **
**                                                                    **
**                                                                    **
**                                                                    **
************************************************************************
** OpenRadioss Software                                               **
** COPYRIGHT (C) 1986-2025 Altair Engineering, Inc.                   **
** Licensed under GNU Affero General Public License.                  **
** See License file.                                                  **
************************************************************************
 
 NUMBER OF SPMD DOMAINS           1
 NUMBER OF THREADS PER DOMAIN     4
 NUMBER OF HMPP PROCESSES         4
  
 COMPUTATION HARDWARE DESCRIPTION
  
 HOSTNAME     CPU TYPE, FREQUENCY AND MEMORY
 Jialiang   13th Gen Intel(R) Core(TM) i7-13700H (x86_64), 2900 MHz,   3562 MB RAM,  32935 MB swap
  
 STACKSIZE  . . . . . . . . . . . . . . . . . . . . 1430 MB
 THREAD STACKSIZE . . . . . . . . . . . . . . . . . 400 MB
 
************************************************************************


 ThreePointBendingD01                                                            


 FINAL TIME . . . . . . . . . . . . . . . . . . .  0.3000000E-01

 TIME INTERVAL FOR TIME HISTORY PLOTS . . . . . .   0.000000    

 TIME STEP SCALE FACTOR . . . . . . . . . . . . .  0.9000000    

 MINIMUM TIME STEP  . . . . . . . . . . . . . . .   0.000000    


 BRICK TIME STEP SCALE FACTOR . . . . . . . . . .  0.9000000    
 BRICK MINIMUM TIME STEP. . . . . . . . . . . . .   0.000000    
 MIN. TIME STEP FLAG (1:STOP RUN, 2:DELETE BRICK)     1

 QUAD TIME STEP SCALE FACTOR. . . . . . . . . . .  0.9000000    
 QUAD MINIMUM TIME STEP . . . . . . . . . . . . .   0.000000    
 MIN. TIME STEP FLAG (1:STOP RUN, 2:DELETE QUAD).     1

 SHELL TIME STEP SCALE FACTOR . . . . . . . . . .  0.9000000    
 SHELL MINIMUM TIME STEP. . . . . . . . . . . . .   0.000000    
 MIN. TIME FLAG (1:STOP, 2:DELETE, 3:SMALL STRAIN)    2

 TRUSS TIME STEP SCALE FACTOR . . . . . . . . . .  0.9000000    
 TRUSS MINIMUM TIME STEP. . . . . . . . . . . . .   0.000000    
 MIN. TIME FLAG (1:STOP, 2:DELETE). . . . . . . .     0

 BEAM TIME STEP SCALE FACTOR. . . . . . . . . . .  0.9000000    
 BEAM MINIMUM TIME STEP . . . . . . . . . . . . .   0.000000    
 MIN. TIME FLAG (1:STOP, 2:DELETE). . . . . . . .     0

 SPRING TIME STEP SCALE FACTOR. . . . . . . . . .  0.9000000    
 SPRING MINIMUM TIME STEP . . . . . . . . . . . .   0.000000    
 MIN. TIME FLAG (1:STOP, 2:DELETE). . . . . . . .     0

 AIRBAG TIME STEP SCALE FACTOR. . . . . . . . . .  0.9000000    
 AIRBAG MINIMUM TIME STEP . . . . . . . . . . . .   0.000000    
 MIN. TIME FLAG (1:STOP). . . . . . . . . . . . .     0

 CONTACT TIME STEP SCALE FACTOR . . . . . . . . .  0.9000000    
 CONTACT MINIMUM TIME STEP. . . . . . . . . . . .   0.000000    
 MIN. TIME FLAG(1:STOP, 2:REMOVE NODE FROM INTERF)    0

 PRINTOUT CYCLE FREQUENCY . . . . . . . . . . . .  -500

 RESTART CYCLE FREQUENCY. . . . . . . . . . . . .   10000000

 MAXIMUM RESTART WRITE BEFORE OVERWRITE . . . . .     0

 INVERS: INPUT DECK VERSION . . . . . . . . . . .   101
 ITTYP : FLAG FOR TYPE OF T-FILE. . . . . . . . .     4

 INITIAL TIME STEP. . . . . . . . . . . . . . . .   0.000000    
 MAXIMUM TIME STEP. . . . . . . . . . . . . . . .  0.1000000E+21

 PARALLEL ARITHMETIC ON
 NUMBER OF INTERFACES TO BE ELIMINATED. . . . . .        0

 NUMBER OF PARTS TO BE ELIMINATED . . . . . . . .        0

 NUMBER OF SOLID  ELEMENT BLOCKS TO BE ELIMINATED        0

 NUMBER OF QUAD   ELEMENT BLOCKS TO BE ELIMINATED        0

 NUMBER OF SHELL  ELEMENT BLOCKS TO BE ELIMINATED        0

 NUMBER OF TRUSS  ELEMENT BLOCKS TO BE ELIMINATED        0

 NUMBER OF BEAM   ELEMENT BLOCKS TO BE ELIMINATED        0

 NUMBER OF SPRING ELEMENT BLOCKS TO BE ELIMINATED        0

 NUMBER OF SH_3N  ELEMENT BLOCKS TO BE ELIMINATED        0

 NUMBER OF  SPH PARTICLES BLOCKS TO BE ELIMINATED        0

 NUMBER OF RIGID LINKS. . . . . . . . . . . . . .        0

 NUMBER OF NEW BOUNDARY CONDITIONS. . . . . . . .        0


 TIME FOR FIRST ANIMATION-FILE PLOT . . . . . . .   0.000000    
 TIME INTERVAL FOR ANIMATION-FILE PLOTS . . . . .  0.3000000E-03
 TIME TO STOP ANIMATION-FILE PLOTS. . . . . . . .  0.1000000E+21
 SENSOR FOR ANIMATION-FILE PLOTS. . . . . . . . .          0
 TIME INTERVAL FOR SENSOR ANIMATION-FILE PLOTS. .   0.000000    

 VARIABLE SAVED ON ANIMATION FILES (1: YES) :
      PLASTIC STRAIN. . . . . .     1
      DENSITY     (SOLID ONLY).     0
      SPECIFIC ENERGY . . . . .     0
      HOURGLASS ENERGY. . . . .     0
      TEMPERATURE (SOLID ONLY).     0
      THICKNESS   (SHELL ONLY).     1
      PRESSURE    (SOLID ONLY).     0
      VON MISES . . . . . . . .     1
      TURBULENT ENERGY (FLUID).     0
      TURBULENT VISCOSITY(FLUID)    0
      VORTICITY (FLUID) . . . .     0
 NODAL VALUES SAVED ON ANIMATION FILES (1: YES) :
      PRESSURE. . . . . . . . .     0
      DENSITY . . . . . . . . .     0
      TEMPERATURE . . . . . . .     0
 VECTOR SAVED ON ANIMATION FILES (1: YES) :
      VELOCITY VECTOR . . . . .     1
      DISPLACEMENT VECTOR . . .     1
      ACCELERATION VECTOR . . .     0
      CONTACT FORCES. . . . . .     0
      INTERNAL FORCES . . . . .     0
      EXTERNAL FORCES . . . . .     0
      SECTION RBY RWALL FORCES.     0
      ROTATIONAL VELOCITY VECTOR    0
      CONTACT PRESSURE (VECTORS)    0
 SHELL TENSOR SAVED ON ANIMATION FILES (1: YES) :
      MEMBRANE STRESS . . . . .     0
      BENDING STRESS(MOMENT/T^2)    0
      UPPER LAYER STRESS. . . .     0
      LOWER LAYER STRESS. . . .     0
      MEMBRANE STRAIN . . . . .     0
      CURVATURE . . . . . . . .     0
      UPPER LAYER STRAIN. . . .     0
      LOWER LAYER STRAIN. . . .     0
 NODAL MASS SAVED ON ANIMATION FILES (1: YES) :    0
 KEEP DELETED ELEMENT (1: YES) :    0


 
 CHECKSUM DIGESTS
 ----------------
 
 
 19/01/2026
   CYCLE    TIME      TIME-STEP  ELEMENT          ERROR  I-ENERGY    K-ENERGY T  K-ENERGY R  EXT-WORK     MAS.ERR     TOTAL MASS  MASS ADDED
       0   0.000      0.1470E-05 SHELL       8255   0.0%   0.000      0.4300E+07   0.000       0.000       0.000      0.8964E-01   0.000    
     ANIMATION FILE: ThreePointBendingA001 WRITTEN
     ANIMATION FILE: ThreePointBendingA002 WRITTEN
     ANIMATION FILE: ThreePointBendingA003 WRITTEN
     500  0.7268E-03  0.1437E-05 NODE     1007415   0.0%  0.2233E+06  0.4077E+07   52.01      -371.9       0.000      0.8964E-01   0.000    
     ANIMATION FILE: ThreePointBendingA004 WRITTEN
     ANIMATION FILE: ThreePointBendingA005 WRITTEN
    1000  0.1431E-02  0.1379E-05 NODE     1007415   0.0%  0.7577E+06  0.3543E+07   62.52      -381.0       0.000      0.8964E-01   0.000    
     ANIMATION FILE: ThreePointBendingA006 WRITTEN
     ANIMATION FILE: ThreePointBendingA007 WRITTEN
     ANIMATION FILE: ThreePointBendingA008 WRITTEN
    1500  0.2117E-02  0.1356E-05 NODE     1007415   0.0%  0.1291E+07  0.3010E+07   69.29      -342.8       0.000      0.8964E-01   0.000    
     ANIMATION FILE: ThreePointBendingA009 WRITTEN
     ANIMATION FILE: ThreePointBendingA010 WRITTEN
    2000  0.2787E-02  0.1328E-05 NODE     1007415   0.0%  0.1781E+07  0.2520E+07   53.63      -298.8       0.000      0.8964E-01   0.000    
     ANIMATION FILE: ThreePointBendingA011 WRITTEN
     ANIMATION FILE: ThreePointBendingA012 WRITTEN
    2500  0.3444E-02  0.1303E-05 NODE     1007415   0.0%  0.2228E+07  0.2073E+07   46.01      -256.6       0.000      0.8964E-01   0.000    
     ANIMATION FILE: ThreePointBendingA013 WRITTEN
     ANIMATION FILE: ThreePointBendingA014 WRITTEN
    3000  0.4095E-02  0.1298E-05 NODE     1007415   0.0%  0.2637E+07  0.1664E+07   43.72      -213.6       0.000      0.8964E-01   0.000    
     ANIMATION FILE: ThreePointBendingA015 WRITTEN
     ANIMATION FILE: ThreePointBendingA016 WRITTEN
    3500  0.4743E-02  0.1295E-05 NODE     1007415   0.0%  0.3012E+07  0.1289E+07   43.22      -168.5       0.000      0.8964E-01   0.000    
     ANIMATION FILE: ThreePointBendingA017 WRITTEN
     ANIMATION FILE: ThreePointBendingA018 WRITTEN
    4000  0.5390E-02  0.1292E-05 NODE     1007415   0.0%  0.3347E+07  0.9542E+06   40.75      -119.3       0.000      0.8964E-01   0.000    
     ANIMATION FILE: ThreePointBendingA019 WRITTEN
     ANIMATION FILE: ThreePointBendingA020 WRITTEN
     ANIMATION FILE: ThreePointBendingA021 WRITTEN
    4500  0.6036E-02  0.1290E-05 NODE     1007415   0.0%  0.3636E+07  0.6656E+06   40.23      -68.45       0.000      0.8964E-01   0.000    
     ANIMATION FILE: ThreePointBendingA022 WRITTEN
     ANIMATION FILE: ThreePointBendingA023 WRITTEN
    5000  0.6680E-02  0.1288E-05 NODE     1007415   0.0%  0.3875E+07  0.4263E+06   35.89      -15.65       0.000      0.8964E-01   0.000    
     ANIMATION FILE: ThreePointBendingA024 WRITTEN
     ANIMATION FILE: ThreePointBendingA025 WRITTEN
    5500  0.7324E-02  0.1286E-05 NODE     1007415   0.0%  0.4063E+07  0.2384E+06   37.74       37.32       0.000      0.8964E-01   0.000    
     ANIMATION FILE: ThreePointBendingA026 WRITTEN
     ANIMATION FILE: ThreePointBendingA027 WRITTEN
    6000  0.7966E-02  0.1285E-05 NODE     1007415   0.0%  0.4197E+07  0.1040E+06   33.46       91.94       0.000      0.8964E-01   0.000    
     ANIMATION FILE: ThreePointBendingA028 WRITTEN
     ANIMATION FILE: ThreePointBendingA029 WRITTEN
    6500  0.8608E-02  0.1284E-05 NODE     1007415   0.0%  0.4277E+07  0.2436E+05   34.65       146.4       0.000      0.8964E-01   0.000    
     ANIMATION FILE: ThreePointBendingA030 WRITTEN
     ANIMATION FILE: ThreePointBendingA031 WRITTEN
    7000  0.9250E-02  0.1284E-05 NODE     1007415   0.0%  0.4301E+07   119.1       36.28       201.2       0.000      0.8964E-01   0.000    
     ANIMATION FILE: ThreePointBendingA032 WRITTEN
     ANIMATION FILE: ThreePointBendingA033 WRITTEN
    7500  0.9892E-02  0.1284E-05 NODE     1007415   0.0%  0.4272E+07  0.2960E+05   31.74       252.7       0.000      0.8964E-01   0.000    
     ANIMATION FILE: ThreePointBendingA034 WRITTEN
     ANIMATION FILE: ThreePointBendingA035 WRITTEN
     ANIMATION FILE: ThreePointBendingA036 WRITTEN
    8000  0.1053E-01  0.1284E-05 NODE     1007415   0.0%  0.4207E+07  0.9465E+05   33.01       289.1       0.000      0.8964E-01   0.000    
     ANIMATION FILE: ThreePointBendingA037 WRITTEN
     ANIMATION FILE: ThreePointBendingA038 WRITTEN
    8500  0.1118E-01  0.1284E-05 NODE     1007415   0.0%  0.4144E+07  0.1580E+06   30.94       305.4       0.000      0.8964E-01   0.000    
     ANIMATION FILE: ThreePointBendingA039 WRITTEN
     ANIMATION FILE: ThreePointBendingA040 WRITTEN
    9000  0.1182E-01  0.1285E-05 NODE     1007415   0.0%  0.4117E+07  0.1847E+06   30.27       306.5       0.000      0.8964E-01   0.000    
     ANIMATION FILE: ThreePointBendingA041 WRITTEN
     ANIMATION FILE: ThreePointBendingA042 WRITTEN
    9500  0.1246E-01  0.1285E-05 NODE     1007415   0.0%  0.4117E+07  0.1843E+06   33.45       305.0       0.000      0.8964E-01   0.000    
     ANIMATION FILE: ThreePointBendingA043 WRITTEN
     ANIMATION FILE: ThreePointBendingA044 WRITTEN
   10000  0.1310E-01  0.1285E-05 NODE     1007415   0.0%  0.4117E+07  0.1842E+06   34.86       305.0       0.000      0.8964E-01   0.000    
     ANIMATION FILE: ThreePointBendingA045 WRITTEN
     ANIMATION FILE: ThreePointBendingA046 WRITTEN
   10500  0.1375E-01  0.1285E-05 NODE     1007415   0.0%  0.4118E+07  0.1840E+06   30.82       305.0       0.000      0.8964E-01   0.000    
     ANIMATION FILE: ThreePointBendingA047 WRITTEN
     ANIMATION FILE: ThreePointBendingA048 WRITTEN
   11000  0.1439E-01  0.1285E-05 NODE     1007415   0.0%  0.4118E+07  0.1838E+06   32.19       305.0       0.000      0.8964E-01   0.000    
     ANIMATION FILE: ThreePointBendingA049 WRITTEN
     ANIMATION FILE: ThreePointBendingA050 WRITTEN
     ANIMATION FILE: ThreePointBendingA051 WRITTEN
   11500  0.1503E-01  0.1285E-05 NODE     1007415   0.0%  0.4118E+07  0.1836E+06   32.85       305.0       0.000      0.8964E-01   0.000    
     ANIMATION FILE: ThreePointBendingA052 WRITTEN
     ANIMATION FILE: ThreePointBendingA053 WRITTEN
   12000  0.1567E-01  0.1285E-05 NODE     1007415   0.0%  0.4118E+07  0.1834E+06   34.67       305.0       0.000      0.8964E-01   0.000    
     ANIMATION FILE: ThreePointBendingA054 WRITTEN
     ANIMATION FILE: ThreePointBendingA055 WRITTEN
   12500  0.1632E-01  0.1285E-05 NODE     1007415   0.0%  0.4118E+07  0.1832E+06   32.98       305.0       0.000      0.8964E-01   0.000    
     ANIMATION FILE: ThreePointBendingA056 WRITTEN
     ANIMATION FILE: ThreePointBendingA057 WRITTEN
   13000  0.1696E-01  0.1285E-05 NODE     1007415   0.0%  0.4119E+07  0.1831E+06   32.42       305.0       0.000      0.8964E-01   0.000    
     ANIMATION FILE: ThreePointBendingA058 WRITTEN
     ANIMATION FILE: ThreePointBendingA059 WRITTEN
   13500  0.1760E-01  0.1285E-05 NODE     1007415   0.0%  0.4119E+07  0.1830E+06   30.48       305.0       0.000      0.8964E-01   0.000    
     ANIMATION FILE: ThreePointBendingA060 WRITTEN
     ANIMATION FILE: ThreePointBendingA061 WRITTEN
   14000  0.1824E-01  0.1285E-05 NODE     1007415   0.0%  0.4119E+07  0.1830E+06   35.97       305.0       0.000      0.8964E-01   0.000    
     ANIMATION FILE: ThreePointBendingA062 WRITTEN
     ANIMATION FILE: ThreePointBendingA063 WRITTEN
   14500  0.1889E-01  0.1285E-05 NODE     1007415   0.0%  0.4119E+07  0.1830E+06   34.45       305.0       0.000      0.8964E-01   0.000    
     ANIMATION FILE: ThreePointBendingA064 WRITTEN
     ANIMATION FILE: ThreePointBendingA065 WRITTEN
     ANIMATION FILE: ThreePointBendingA066 WRITTEN
   15000  0.1953E-01  0.1285E-05 NODE     1007415   0.0%  0.4119E+07  0.1831E+06   32.14       305.0       0.000      0.8964E-01   0.000    
     ANIMATION FILE: ThreePointBendingA067 WRITTEN
     ANIMATION FILE: ThreePointBendingA068 WRITTEN
   15500  0.2017E-01  0.1285E-05 NODE     1007415   0.0%  0.4118E+07  0.1832E+06   36.55       305.0       0.000      0.8964E-01   0.000    
     ANIMATION FILE: ThreePointBendingA069 WRITTEN
     ANIMATION FILE: ThreePointBendingA070 WRITTEN
   16000  0.2081E-01  0.1285E-05 NODE     1007415   0.0%  0.4118E+07  0.1834E+06   32.51       305.0       0.000      0.8964E-01   0.000    
     ANIMATION FILE: ThreePointBendingA071 WRITTEN
     ANIMATION FILE: ThreePointBendingA072 WRITTEN
   16500  0.2146E-01  0.1285E-05 NODE     1007415   0.0%  0.4118E+07  0.1836E+06   33.52       305.0       0.000      0.8964E-01   0.000    
     ANIMATION FILE: ThreePointBendingA073 WRITTEN
     ANIMATION FILE: ThreePointBendingA074 WRITTEN
   17000  0.2210E-01  0.1285E-05 NODE     1007415   0.0%  0.4118E+07  0.1838E+06   30.35       305.0       0.000      0.8964E-01   0.000    
     ANIMATION FILE: ThreePointBendingA075 WRITTEN
     ANIMATION FILE: ThreePointBendingA076 WRITTEN
   17500  0.2274E-01  0.1285E-05 NODE     1007415   0.0%  0.4118E+07  0.1840E+06   34.43       305.0       0.000      0.8964E-01   0.000    
     ANIMATION FILE: ThreePointBendingA077 WRITTEN
     ANIMATION FILE: ThreePointBendingA078 WRITTEN
   18000  0.2338E-01  0.1285E-05 NODE     1007415   0.0%  0.4117E+07  0.1842E+06   33.52       305.0       0.000      0.8964E-01   0.000    
     ANIMATION FILE: ThreePointBendingA079 WRITTEN
     ANIMATION FILE: ThreePointBendingA080 WRITTEN
     ANIMATION FILE: ThreePointBendingA081 WRITTEN
   18500  0.2402E-01  0.1285E-05 NODE     1007415   0.0%  0.4117E+07  0.1844E+06   32.04       305.0       0.000      0.8964E-01   0.000    
     ANIMATION FILE: ThreePointBendingA082 WRITTEN
     ANIMATION FILE: ThreePointBendingA083 WRITTEN
   19000  0.2467E-01  0.1285E-05 NODE     1007415   0.0%  0.4117E+07  0.1845E+06   27.38       305.0       0.000      0.8964E-01   0.000    
     ANIMATION FILE: ThreePointBendingA084 WRITTEN
     ANIMATION FILE: ThreePointBendingA085 WRITTEN
   19500  0.2531E-01  0.1285E-05 NODE     1007415   0.0%  0.4117E+07  0.1846E+06   30.62       305.0       0.000      0.8964E-01   0.000    
     ANIMATION FILE: ThreePointBendingA086 WRITTEN
     ANIMATION FILE: ThreePointBendingA087 WRITTEN
   20000  0.2595E-01  0.1285E-05 NODE     1007415   0.0%  0.4117E+07  0.1846E+06   30.42       305.0       0.000      0.8964E-01   0.000    
     ANIMATION FILE: ThreePointBendingA088 WRITTEN
     ANIMATION FILE: ThreePointBendingA089 WRITTEN
   20500  0.2659E-01  0.1285E-05 NODE     1007415   0.0%  0.4117E+07  0.1845E+06   33.94       305.0       0.000      0.8964E-01   0.000    
     ANIMATION FILE: ThreePointBendingA090 WRITTEN
     ANIMATION FILE: ThreePointBendingA091 WRITTEN
   21000  0.2724E-01  0.1285E-05 NODE     1007415   0.0%  0.4117E+07  0.1844E+06   29.08       305.0       0.000      0.8964E-01   0.000    
     ANIMATION FILE: ThreePointBendingA092 WRITTEN
     ANIMATION FILE: ThreePointBendingA093 WRITTEN
   21500  0.2788E-01  0.1285E-05 NODE     1007415   0.0%  0.4117E+07  0.1843E+06   34.68       305.0       0.000      0.8964E-01   0.000    
     ANIMATION FILE: ThreePointBendingA094 WRITTEN
     ANIMATION FILE: ThreePointBendingA095 WRITTEN
     ANIMATION FILE: ThreePointBendingA096 WRITTEN
   22000  0.2852E-01  0.1285E-05 NODE     1007415   0.0%  0.4118E+07  0.1841E+06   36.81       305.0       0.000      0.8964E-01   0.000    
     ANIMATION FILE: ThreePointBendingA097 WRITTEN
     ANIMATION FILE: ThreePointBendingA098 WRITTEN
   22500  0.2916E-01  0.1285E-05 NODE     1007415   0.0%  0.4118E+07  0.1839E+06   35.19       305.0       0.000      0.8964E-01   0.000    
     ANIMATION FILE: ThreePointBendingA099 WRITTEN
     ANIMATION FILE: ThreePointBendingA100 WRITTEN
   23000  0.2981E-01  0.1285E-05 NODE     1007415   0.0%  0.4118E+07  0.1837E+06   34.45       305.0       0.000      0.8964E-01   0.000    

     RESTART FILES: ThreePointBending_0001_[0001-0001].rst WRITTEN
     -------------

     ANIMATION FILE: ThreePointBendingA101 WRITTEN
  
                           ** CPU USER TIME **
  
  
                        ** SUMMARY **
  
 #PROC  CONTSORT  CONTFOR   ELEMENT   KINCOND   INTEG     IO        T0        ASM       RESOL    
   1   .1156E+02 .1847E+02 .7423E+02 .4812E+01 .8938E+01 .2859E+01 .0000E+00 .1020E+02 .1378E+03
  
 
                   ** CUMULATIVE CPU TIME SUMMARY **
  
 CONTACT SORTING.............: .1156E+02     8.39 % 
 CONTACT FORCES..............: .1847E+02    13.40 % 
 .. INCLUDING CONTACT NORMALS: .1162E+02     8.44 % 
 ELEMENT FORCES..............: .7423E+02    53.87 % 
 KINEMATIC COND..............: .4812E+01     3.49 % 
 INTEGRATION.................: .8938E+01     6.49 % 
 ASSEMBLING..................: .1020E+02     7.40 % 
 OTHERS (including I/O)......: .9578E+01     6.95 % 
 TOTAL.......................: .1378E+03   100.00 % 
  
  
                           ** ELAPSED TIME **
  
  
                        ** SUMMARY **
  
 #PROC  CONTSORT  CONTFOR   ELEMENT   KINCOND   INTEG     IO        T0        ASM       RESOL    
   1   .8359E+01 .1378E+02 .2095E+02 .3920E+01 .5771E+01 .4026E+01 .3764E+00 .8395E+01 .6933E+02
  
                   ** MEMORY USAGE STATISTICS **
  
 TOTAL MEMORY USED .........................:       85 MB
 MAXIMUM MEMORY PER PROCESSOR...............:       85 MB
 MINIMUM MEMORY PER PROCESSOR...............:       85 MB
 AVERAGE MEMORY PER PROCESSOR...............:       85 MB
  
                   ** DISK USAGE STATISTICS **
  
 TOTAL DISK SPACE USED .....................:        112 MB
 ANIMATION/H3D/TH/OUTP SIZE ................:         95 MB
 RESTART FILE SIZE .........................:         17 MB
  
                   ** COMPUTE TIME INFORMATION **
                        ** CURRENT ENGINE **
  
 EXECUTION STARTED .........................:      2026/01/19  18:39:22
 EXECUTION COMPLETED .......................:      2026/01/19  18:40:32
  
 ELAPSED TIME     =         69.37 s
                          0:01:09



     NORMAL TERMINATION      



     TOTAL NUMBER OF CYCLES  :   23152

  
                   ** COMPUTE RUNTIME INFORMATION SUMMARY **
  
        STARTER RUNTIME =          0.56s (00:00:00)
 # 001   ENGINE RUNTIME =         69.37s (00:01:09)
 ------------------------------ 
 STARTER+ENGINE RUNTIME =         69.93s (00:01:09)
  
