 combine_0000.out
************************************************************************
**                                                                    **
**                                                                    **
**                        OpenRadioss Starter                         **
**                                                                    **
**            Non-linear Finite Element Analysis Software             **
**                                                                    **
**                                                                    **
**                                                                    **
**                  Windows 64 bits, Intel compiler                   **
**                      Double Precision Version                      **
**                                                                    **
**                                                                    **
**                                                                    **
************************************************************************
** OpenRadioss Software                                               **
** COPYRIGHT (C) 1986-2025 Altair Engineering, Inc.                   **
** Licensed under GNU Affero General Public License.                  **
** See License file.                                                  **
************************************************************************
 
  
 COMPUTATION HARDWARE DESCRIPTION
  
 HOSTNAME     CPU TYPE, FREQUENCY AND MEMORY
 Jialiang   13th Gen Intel(R) Core(TM) i7-13700H (x86_64), 2900 MHz,   2092 MB RAM,  29744 MB swap
  
 STACKSIZE  . . . . . . . . . . . . . . . . . . . . 1430 MB
 THREAD STACKSIZE . . . . . . . . . . . . . . . . . 400 MB
 
************************************************************************
*KEYWORD MAPPING TO RADIOSS PROCESS 
************************************************************************

*BOUNDARY_SPC_SET (0)  BOUNDARY_SPC_SET
    is mapped to
/BCS (1)  BOUNDARY_SPC_SET

*CONTACT_AUTOMATIC_SINGLE_SURFACE (0)  CONTACT
    is mapped to
/INTER/TYPE25 (1)  CONTACT

*CONTACT_AUTOMATIC_SINGLE_SURFACE (0)  CONTACT
    is mapped to
/SET/GENERAL (104)  surf_ID1_CONTACT

*CONTACT_AUTOMATIC_SINGLE_SURFACE (0)  CONTACT
    is mapped to
/TH/INTER (3)  TH-INTER

*CONTROL_TERMINATION (0)  CONTROL_TERMINATION
    is mapped to
/RUN (3)  

*CONTROL_TERMINATION (0)  CONTROL_TERMINATION
    is mapped to
/STOP (4)  

*CONTROL_UNITS (0)  CONTROL_UNITS
    is mapped to
/BEGIN (1)  

*DATABASE_BINARY_D3PLOT (0)  DATABASE_BINARY_D3PLOT
    is mapped to
/ANIM/DT (5)  

*DATABASE_BINARY_D3PLOT (0)  DATABASE_BINARY_D3PLOT
    is mapped to
/ANIM/SPRING/FORC (12)  

*DATABASE_BINARY_D3PLOT (0)  DATABASE_BINARY_D3PLOT
    is mapped to
/ANIM/VECT (11)  

*DATABASE_ELOUT (0)  DATABASE_OPTION
    is mapped to
/TFILE (2)  

*DATABASE_EXTENT_BINARY (0)  DATABASE_EXTENT_BINARY
    is mapped to
/ANIM/BRICK/TENS (8)  

*DATABASE_EXTENT_BINARY (0)  DATABASE_EXTENT_BINARY
    is mapped to
/ANIM/ELEM (9)  

*DATABASE_EXTENT_BINARY (0)  DATABASE_EXTENT_BINARY
    is mapped to
/ANIM/SHELL/EPSP (10)  

*DATABASE_EXTENT_BINARY (0)  DATABASE_EXTENT_BINARY
    is mapped to
/ANIM/SHELL/TENS/STRESS (7)  

*DATABASE_HISTORY_NODE (0)  DATABASE_HISTORY_NODE
    is mapped to
/TH/NODE (2)  DATABASE_HISTORY_NODE

*DATABASE_NODOUT (0)  DATABASE_OPTION
    is mapped to
/TFILE (2)  

*DATABASE_RCFORC (0)  DATABASE_OPTION
    is mapped to
/TFILE (2)  

*DATABASE_RWFORC (0)  DATABASE_OPTION
    is mapped to
/TFILE (2)  

*DEFINE_CURVE (1)  DEFINE_CURVE_1
    is mapped to
/FUNCT (1)  DEFINE_CURVE_1

*MAT_PIECEWISE_LINEAR_PLASTICITY (999)  MATL24_999
    is mapped to
/MAT/LAW44 (999)  MATL24_999

*PART (101)  Part_101
    is mapped to
/PART (101)  Part_101

*SECTION_SHELL (101)  SECTION_SHELL_101
    is mapped to
/PROP/TYPE1 (101)  SECTION_SHELL_101

*SET_NODE_LIST (101)  Node_101
    is mapped to
/SET/GENERAL (103)  Node_101

*SET_NODE_LIST (102)  Node_102
    is mapped to
/SET/GENERAL (102)  Node_102

*SET_PART_LIST (101)  Part_101
    is mapped to
/SET/GENERAL (101)  Part_101



************************************************************************
* RADIOSS STARTER PROCESS
************************************************************************


************************************************************************
* INPUT READING PROCESS
************************************************************************

WARNING ID : 100214
** WARNING IN INPUT OPTIONS
DESCRIPTION :  
-- BLOCK: /RWALL/PLANE/1
-- LINE: 200                   1                 150                   0         0
unsupported field exists
SOLUTION :     
    Please check input format and fields description defined in the Reference Guide.

WARNING ID : 100214
** WARNING IN INPUT OPTIONS
DESCRIPTION :  
-- BLOCK: /RWALL/PLANE/2
-- LINE: 200                   1                 150                   0         0
unsupported field exists
SOLUTION :     
    Please check input format and fields description defined in the Reference Guide.

 -NO SYNTAX ERROR DETECTED DURING INPUT READING PROCESS




************************************************************************



    UNIT SYSTEMS DEFINITION     
    -----------------------     

                                                          MASS                LENGTH              TIME
    WORK UNIT SYSTEM . . . . . . ( kg , mm , ms  ) 1.0000000000000E+00 1.0000000000000E-03 1.0000000000000E-03
    INPUT UNIT SYSTEM  . . . . . ( kg , mm , ms  ) 1.0000000000000E+00 1.0000000000000E-03 1.0000000000000E-03



    CONTROL  PARAMETERS                                                                  
    -------------------                                                                  

    IPRI  : PRINTOUT FLAG . . . . . . . . . . . . . . . .         0
    INVERS: MANUAL VERSION OF THIS INPUT DECK . . . . . .      2026
    NSUBS:   NUMBER OF SUBSETS. . . . . . . . . . . . . .         1
    NPART:   NUMBER OF PARTS. . . . . . . . . . . . . . .         1
    NUMMAT: NUMBER OF MATERIALS . . . . . . . . . . . . .         1
    NUMGEO: NUMBER OF PROPERTY SETS . . . . . . . . . . .         1
    NUMNOD: NUMBER OF NODAL POINTS. . . . . . . . . . . .      9649
    NUMSKW: NUMBER OF SKEW REFERENCE FRAMES . . . . . . .         0
    NUMBCS: NUMBER OF BOUNDARY CONDITIONS . . . . . . . .         1
    NUMFRAM: NUMBER OF REFERENCE FRAMES . . . . . . . . .         0
    NUMELQ: NUMBER OF 2D QUAD ELEMENTS. . . . . . . . . .         0
    NUMELT3 : NUMBER OF 2D TRIA ELEMENTS. . . . . . . . .         0
    NUMELS: NUMBER OF 3D SOLID ELEMENTS . . . . . . . . .         0
    NUMELC: NUMBER OF 3D SHELL ELEMENTS (4-NODES) . . . .      9600
    NUMELT: NUMBER OF 3D TRUSS ELEMENTS . . . . . . . . .         0
    NUMELP: NUMBER OF 3D BEAM  ELEMENTS . . . . . . . . .         0
    NUMELR: NUMBER OF 3D SPRING ELEMENTS. . . . . . . . .         0
    NUMELTG: NUMBER OF 3D SHELL ELEMENTS (3-NODES). . . .         0
    NUMELX: NUMBER OF MULTIPURPOSE ELEMENTS . . . . . . .         0
    NUMELIG3D: NUMBER OF ISO-GEOMETRIC ELEMENTS . . . . .         0
    NUMSPH : NUMBER OF SMOOTH PARTICLES (SPH CELLS) . . .         0
    NSPHBCS: NUMBER OF SPH SYMMETRY CONDITIONS. . . . . .         0
    NSPHIO : NUMBER OF SPH INLET/OUTLET CONDITIONS. . . .         0

    NFUNCT: NUMBER OF USER'S FUNCTIONS . . . . . . . . .          1
    NGRAV:  NUMBER OF GRAVITY LOADS . . . . . . . . . . .         0
    NFUNC2D:  NUMBER OF USER 2D FUNCTIONS . . . . . . . .         0
    NINIGRV:NUMBER OF INITIAL GRAVITY LOADS . . . . . . .         0
    NCONLD: NUMBER OF CONCENTRATED LOADS. . . . . . . . .         0
    NINVEL: NUMBER OF INITIAL VELOCITIES. . . . . . . . .         0
    NPRELD: NUMBER OF PRESSURE LOADS. . . . . . . . . . .         0
    NINIMAP1D: NUMBER OF INITIAL 1D MAPPING.. . . . . . .         0
    NINIMAP2D: NUMBER OF INITIAL 2D MAPPING.. . . . . . .         0
    NUMBER OF ACCELEROMETERS. . . . . . . . . . . . . . .         0
    NUMBER OF SENSORS . . . . . . . . . . . . . . . . . .         0
    NUMBER OF GAUGES. . . . . . . . . . . . . . . . . . .         0
    NINTER: NUMBER OF INTERFACES. . . . . . . . . . . . .         1
    NRWALL: NUMBER OF RIGID WALLS . . . . . . . . . . . .         2
    NRBODY: NUMBER OF RIGID BODIES. . . . . . . . . . . .         0
    NFXBODY: NUMBER OF FLEXIBLE BODIES. . . . . . . . . .         0
    NCONX : NUMBER OF RIGID LINKS TO MADYMO BODIES. . . .         0
    NODMAS: NUMBER OF ADDED NODAL MASSES. . . . . . . . .         0
    NIMPDISP: NUMBER OF IMPOSED DISPLACEMENTS . . . . . .         0
    NIMPVEL: NUMBER OF IMPOSED VELOCITIES . . . . . . . .         0
    NIMPACC: NUMBER OF IMPOSED ACCELERATIONS . . . . . .          0
    NRIVET: NUMBER OF RIVETS OR SPOT WELDS. . . . . . . .         0
    NSECT : NUMBER OF SECTIONS SAVED (TIME HISTORY PLOTS)         0
    NJOINT: NUMBER OF JOINTS. . . . . . . . . . . . . . .         0
    NACTIV: NUMBER OF ELEMENT DEACTIVATION GROUPS . . . .         0
    NDAMP:  NUMBER OF RAYLEIGH DAMPING GROUPS . . . . . .         0
    NGJOINT: NUMBER OF GEAR TYPE JOINTS . . . . . . . . .         0
    NUMMPC: NUMBER OF MULTI-POINT CONSTRAINTS . . . . . .         0
    NR2RLNK: NUMBER OF EXTERNAL COUPLING LINKS . . . . .          0
    NSUBDOM: NUMBER OF SUBDOMAINS . . . . . .. . . . . .          0
    NVOLU:  NUMBER OF MONITORED VOLUMES . . . . . . . . .         0
    NEIG:   NUMBER OF EIGEN AND STATIC MODES PROBLEMS . .         0
    NBEM:   NUMBER OF BEM SOLVED PROBLEMS . . . . . . . .         0
    NRBE2:  NUMBER OF RBE2 RIGID ELEMENTS . . . . . . . .         0
    NRBE3:  NUMBER OF RBE3 CONSTRAINT ELEMENTS  . . . . .         0
    INITIAL STRESS FILE =
                                          FLAG ISIGI. . .         0


    N2D3D : ANALYSIS TYPE: 0=3D,1=AXISYM,2=PLANE STRAIN .         0


    ANALYSIS OPTIONS
    ----------------

    INTEG8 : 8 GAUSS POINT CONDENSED INTEGRATION . . . . .         0
    IPARITH: PARALLEL ARITHMETIC FLAG (2 OFF, 1 0N). . . .         1
    IUSERW : GENERAL USER WINDOW FLAG. . . . . . . . . . .         0
    ISOLID : DEFAULT BRICK FORMULATION FLAG. . . . . . . .         1
    ITET4  : DEFAULT TETRA4 FORMULATION FLAG . . . . . . .      1000
    ITET10 : DEFAULT TETRA10 FORMULATION FLAG. . . . . . .      1000
    ISMSTR : DEFAULT BRICK SMALL STRAIN FLAG . . . . . . .         0
    ICPRE  : DEFAULT SOLID CONSTANT PRESSURE FLAG. . . . .         0
    ISHELL : DEFAULT SHELL FORMULATION FLAG. . . . . . . .         1
    ISST   : DEFAULT SHELL SMALL STRAIN FLAG . . . . . . .         0
    ITHK   : DEFAULT SHELL THICKNESS VARIATION FLAG. . . .         0
    IPLA   : DEFAULT PLANE STRESS PLASTICITY FLAG. . . . .         0
    ISTR   : DEFAULT SHELL STRAIN COMPUTATION FLAG . . . .         1
    ISHEA  : DEFAULT SHELL SHEAR COMPUTATION FLAG. . . . .         0
    INSH   : SHELL INERTIA FLAG. . . . . . . . . . . . . .         0
    ISH3N  : DEFAULT 3 NODE SHELL FORMULATION FLAG . . . .         2
    NPTS   : SHELL PROPERTIES DEFAULT NUMBER OF           
             INTEGRATION POINTS OR LAYERS. . . . . . . . .        -1
    IFRAME : DEFAULT SOLID FRAME FORMULATION FLAG . . . .          1
    IOFFSET: DEFAULT SHELL OFFSET FLAG. . . . . . . . . .          0
    ICONTROL:DEFAULT SOLID DISTORTION CONTROL FLAG. . . .          0
    ISHFRAM: LOCAL SHELL FRAME DEFINITION. . . . . . . . .         0


    LAGRANGE MULTIPLIER OPTIONS
    ---------------------------
    LAGM_TOL:CONVERGENCE CRITERION. . . . . . . . . . . . 1.0000000000000E-11


    NODAL MASS DISTRIBUTION FLAG . . . . . . . . .         0


    SPEED PARAMETERS  
    ----------------  

    STARTER RUNNING ON. . . . . . . . . . . . . . . . . .         4 THREADS             
    NUMBER OF SPMD DOMAINS. . . . . . . . . . . . . . . .         1
    NUMBER OF THREADS PER DOMAIN. . . . . . . . . . . . .         4
    ARCHITECTURE OPTIMIZATION . . . . . . . . . . . . . .        22, win64               
    SIZE OF ELEMENT BUFFER. . . . . . . . . . . . . . . .       128
 
    INFO : NUMBER OF SPMD DOMAIN AND THREADS DEFINED IN COMMAND LINE
           /SPMD CARD PARAMETER ARE IGNORED


    LOAD CURVES
    -----------
    NUMBER OF LOAD CURVES. . . . . . . . =         1


    LOAD CURVE ID . . . . . . . . . . . =         1

    X                     Y               
     0.000000000000       0.3660000000000    
    2.5000000000000E-02   0.4240000000000    
    4.9000000000000E-02   0.4760000000000    
    7.2000000000000E-02   0.5070000000000    
    9.5000000000000E-02   0.5290000000000    
    0.1180000000000       0.5460000000000    
    0.1400000000000       0.5590000000000    
    0.1820000000000       0.5840000000000    


    TABLES
    ------
    NUMBER OF TABLES . . . . . . . . . . =         0



    FUNCTION  TRANSFORMATION 


    LOAD FUNCTION NUMBER. . . . . =         1
      X SCALE                    =  0.1000000000000E+01
      Y SCALE                    =  0.1000000000000E+01
      X SHIFT                    =  0.0000000000000E+00
      Y SHIFT                    =  0.0000000000000E+00
      TRANSFORMED VALUES :
          X                     Y    
          0.000000000000       0.3660000000000    
         2.5000000000000E-02   0.4240000000000    
         4.9000000000000E-02   0.4760000000000    
         7.2000000000000E-02   0.5070000000000    
         9.5000000000000E-02   0.5290000000000    
         0.1180000000000       0.5460000000000    
         0.1400000000000       0.5590000000000    
         0.1820000000000       0.5840000000000    


    MATERIAL LAWS
    -------------
    NUMBER OF MATERIALS. . . . . . . . . =         1



     MATL24_999
     MATERIAL NUMBER. . . . . . . . . . . . =       999
     MATERIAL LAW . . . . . . . . . . . . . =        44

     MATERIAL MODEL : ELASTIC-PLASTIC (COWPER-SYMONDS)
     -------------------------------------------------

     INITIAL DENSITY . . . . . . . . . . . .= 7.8300000000000E-06

     YOUNG MODULUS . . . . . . . . . . . . .=  200.0000000000    
     POISSON RATIO . . . . . . . . . . . . .= 0.3000000000000    
     YIELD STRESS . . . . . . . . . . . . . = 0.3660000000000    
     HARDENING PARAMETER. . . . . . . . . . =  0.000000000000    
     HARDENING EXPONENT . . . . . . . . . . =  1.000000000000    
     ISO-KINEMATIC HARDENNING FACTOR. . . . =  0.000000000000    
     MAXIMUM STRESS . . . . . . . . . . . . = 1.0000000200409E+20
     REFERENCE STRAIN RATE CC . . . . . . . =  40.00000000000    
     STRAIN RATE EXPONENT (1/P) . . . . . . = 0.2000000000000    
     FLAG FOR STRAIN RATE ON SIG-MAX. . . . =         1
     SMOOTH STRAIN RATE OPTION. . . . . . . =         1
     STRAIN RATE CUTTING FREQUENCY. . . . . =  10.00000000000    
     STRAIN RATE CHOICE FLAG  . . . . . . . =         1
          VP=1  EQUIVALENT PLASTIC STRAIN RATE
          VP=2  TOTAL STRAIN RATE (DEFAULT)
          VP=3  DEVIATORIC STRAIN RATE
     FAILURE PLASTIC STRAIN . . . . . . . . = 1.0000000200409E+20
     TENSION FAILURE STRAIN 1 . . . . . . . = 1.0000000200409E+20
     TENSION FAILURE STRAIN 2 . . . . . . . = 2.0000000400818E+20
     YIELD FUNCTION IDENTIFIER  . . . . . . =         1
     YIELD FUNCTION SCALE FACTOR  . . . . . =  1.000000000000    



     MAT_ID . . . . . . . . . . . . . . .=       999
     FAILURE MODEL TYPE . . . . . . . . .=   JOHNSON
     FAIL_ID. . . . . . . . . . . . . . .=         0



     MAT_ID . . . . . . . . . . . . . . .=       999
     FAILURE MODEL. . . . . . . . . . . .=         1
     FAIL_ID. . . . . . . . . . . . . . .=         0

       ----------------------------------------------------   
                FAILURE CRITERION : JOHNSON-COOK              
       ----------------------------------------------------   
     FIRST  FAILURE PARAMETER (D1). . . . . . . . . . . . . .= 1.0000000000000E+21
     SECOND FAILURE PARAMETER (D2). . . . . . . . . . . . . .=  0.000000000000    
     THIRD  FAILURE PARAMETER (D3). . . . . . . . . . . . . .=  0.000000000000    
     FORTH  FAILURE PARAMETER (D4). . . . . . . . . . . . . .=  0.000000000000    
     FIFTH  FAILURE PARAMETER (D5). . . . . . . . . . . . . .=  0.000000000000    
     LOWER PLASTIC STRAIN AT FAILURE (EPSF_MIN). . . . . . . =  0.000000000000    
     NUMBER OF FAILED INTG. POINTS PRIOR TO ELEM DELETION  .=         1

        STRESS TENSOR IN SHELL LAYER SET TO ZERO AFTER FAILURE
        SOLID ELEMENT DELETION AFTER FAILURE
     SUBMODEL SKEWS(INTERNAL)                                                            
     --------------------------------------                                              
     NUMBER          VECTORS                                          ORIGIN
 1000000001        1.0000000       0.0000000       0.0000000       0.0000000       0.0000000       0.0000000
                   0.0000000       1.0000000       0.0000000
                   0.0000000       0.0000000       1.0000000

 1000000002        1.0000000       0.0000000       0.0000000       0.0000000       0.0000000       0.0000000
                   0.0000000       1.0000000       0.0000000
                   0.0000000       0.0000000       1.0000000

 1000000003        1.0000000       0.0000000       0.0000000       0.0000000       0.0000000       0.0000000
                   0.0000000       1.0000000       0.0000000
                   0.0000000       0.0000000       1.0000000

 1000000004        1.0000000       0.0000000       0.0000000       0.0000000       0.0000000       0.0000000
                   0.0000000       1.0000000       0.0000000
                   0.0000000       0.0000000       1.0000000

 1000000005        1.0000000       0.0000000       0.0000000       0.0000000       0.0000000       0.0000000
                   0.0000000       1.0000000       0.0000000
                   0.0000000       0.0000000       1.0000000

 1000000006        1.0000000       0.0000000       0.0000000       0.0000000       0.0000000       0.0000000
                   0.0000000       1.0000000       0.0000000
                   0.0000000       0.0000000       1.0000000



         PROPERTY SETS
         -------------


SECTION_SHELL_101                       
     ISOTROPIC SHELL PROPERTY SET
     PROPERTY SET NUMBER . . . . . . . . . .=       101
     NUMBER OF INTEGRATION POINTS. . . . . .=         3
     POST PROCESSING STRAIN FLAG . . . . . .=         1
     SHELL THICKNESS . . . . . . . . . . . .=  1.200000000000    
     SMALL STRAIN FLAG . . . . . . . . . . .=         2
     SHELL FORMULATION FLAG. . . . . . . . .=        24
     3NODE SHELL FORMULATION FLAG. . . . . .=         2
     DRILLING D.O.F. FLAG  . . . . . . . . .=         0
     PINCHING D.O.F. FLAG  . . . . . . . . .=         0
     SHELL MEMBRANE DAMPING. . . . . . . . .=  0.000000000000    
     SHELL NUMERICAL DAMPING . . . . . . . .= 1.5000000000000E-02
     SHEAR AREA REDUCTION FACTOR . . . . . .= 0.8333333333333    
     ELEMENT DELETION PARAMETER. . . . . . .= 0.9999990000000    
      > 0.0 : FRACTION OF FAILED THICKNESS   
      < 0.0 : FRACTION OF FAILED INTG. POINTS
     SHEAR FORMULATION FLAG. . . . . . . . .=         0
     THICKNESS VARIATION FLAG. . . . . . . .=         1
     PLASTICITY FORMULATION FLAG . . . . . .=         1
     SHELL OFFSET POSITION FLAG . . . . . . =         0




       PARTS
       -----



PART:       101,Part_101
----
     PROPERTY    :       101 (TYPE 01),SECTION_SHELL_101
     MATERIAL    :       999 (LAW  44),MATL24_999
     SUBSET      :         0
     FRAMEWORK   :         LAGRANGE
     VIRT. THICKN:         0.000000000000    


       HIERARCHICAL SUBSET ORGANIZATION
       --------------------------------


  
  
 SUBSET:         0,GLOBAL MODEL                                                                                                     
 ~~~~~~
  |
  |________Part(s):       101,Part_101                                

     BOUNDARY CONDITIONS                                                                 
     -------------------                                                                 
       NODE  TRANS. ROTAT.         SKEW

  
 SPMD IS CHECKING FOR ELEMENT DELETION IN : 
 combine_0001.rad                                                                                             
 
 DOMAIN DECOMPOSITION USING MULTILEVEL KWAY
 ------------------------------------------
 DOMAIN DECOMPOSITION OPTIMIZED FOR PARALLEL ARITHMETIC ON
 DOMAIN DECOMPOSITION : OPTIMIZED FOR BROADWELL PROCESSOR

    INTERFACES               
  --------------             



   INTERFACE NUMBER :         1 CONTACT


    TYPE==25  MUTI-TYPE IMPACTING             

    BOUND. COND. DELETED AFTER IMPACT . . . . . IN X DIR       0
       SECONDARY NODE  (1:YES 0:NO)                Y DIR       0
                                                   Z DIR       0
    STIFFNESS FORMULATION . . . . . . . . . . .                2
    STIFFNESS FACTOR. . . . . . . . . . . . . .   1.000000000000    
    CONTACT TYPES (1:S1/S1;2:S1/S2;3:N/S  . . .                1
    EDGE FLAG . . . . . . . . . . . . . . . . .             1000
    ANGLE FOR EDGE COMPUTATION (Iedge/=0) . . .   0.000000000000    
    MINIMUM STIFFNESS . . . . . . . . . . . . .   0.000000000000    
    MAXIMUM STIFFNESS . . . . . . . . . . . . .  1.0000000000000E+30
    FRICTION FACTOR . . . . . . . . . . . . . .  0.8000000000000    
    GAP FLAG. . . . . . . . . . . . . . . . . .                2
    GAP SCALE FACTOR. . . . . . . . . . . . . .   1.000000000000    
    MAXIMUM SECONDARY GAP VALUE . . . . . . . .  1.0000000000000E+30
    MAXIMUM MAIN GAP VALUE. . . . . . . . . . .  1.0000000000000E+30
    %MESHSIZE TAKEN INTO ACCOUNT FOR            
    CALCULATION OF MAXIMUM GAP(IGAP = 3). . . .   0.000000000000    
    ZERO GAP FOR SECONDARY SHELL ON FREE EDGE .             1000
    GAP SHAPE ALONG MAIN FREE EDGES             
           (1:SQUARE,2:CYLINDRICAL) . . . . . .                1
    DE-ACTIVATION FLAG IF CONFLICT W/ TYPE2 . .                1
    START TIME. . . . . . . . . . . . . . . . .   0.000000000000    
    STOP TIME . . . . . . . . . . . . . . . . .  1.0000000000000E+20
    DE-ACTIVATION OF INITIAL PENETRATIONS . . .                5
    CRITICAL DAMPING FACTOR . . . . . . . . . .  5.0000000000000E-02
    QUADRATIC DAMPING FLAG. . . . . . . . . . .                1
    FLAGREMNODE : NOT CONSIDER NEIGHBORING      
    NODES IN CASE OF ELEMENT SIZE < GAP VALUE .                2

    DELETION FLAG ON FAILURE OF MAIN ELEMENT (1:YES-ALL/2:YES-ANY/1000:NO) :     1

    FRICTION FILTERING FLAG. . . . . . . . .          0
    FILTERING FACTOR . . . . . . . . . . . .   1.000000000000    

    FRICTION MODEL 2 (Darmstad Law) :
     MU = MUo+c1*exp(c2*v)*p^2+c3*exp(c4*v)*p+c5*exp(c6*v)
    Muo. . . . . . . . . . . . . . . . . . .  0.8000000000000    
    C1 . . . . . . . . . . . . . . . . . . .   0.000000000000    
    C2 . . . . . . . . . . . . . . . . . . .   0.000000000000    
    C3 . . . . . . . . . . . . . . . . . . .   0.000000000000    
    C4 . . . . . . . . . . . . . . . . . . .   0.000000000000    
    C5 . . . . . . . . . . . . . . . . . . . -0.7200000000000    
    C6 . . . . . . . . . . . . . . . . . . .   0.000000000000    



 INTERFACE NUMBER. . . . . . . . . . . . . .         1
 INTERFACE TYPE. . . . . . . . . . . . . . .    25

  POSSIBLE IMPACT NUMBER, NSN:           0        9648
      RIGID WALL DEFINITIONS 
      ---------------------- 


     RIGID WALL NUMBER. . . . .         1
          RIGID WALL TYPE . . . . .         1
          TYPE SLIDE/TIED/FRICTION.         0
          NUMBER OF NODES . . . . .      2400
          WALL NODE NUMBER. . . . .    999999
          WALL MASS . . . . . . . .     300.0    
          WALL X-VELOCITY . . . . .     0.000    
          WALL Y-VELOCITY . . . . .     0.000    
          WALL Z-VELOCITY . . . . .    -8.330    

     INFINITE WALL CHARACTERISTICS
          POINT M . . . . . . . . .  0.000000000000      0.000000000000      801.0000000000    
          NORMAL VECTOR . . . . . .  0.000000000000      0.000000000000     -1.000000000000    

     RIGID WALL NUMBER. . . . .         2
          RIGID WALL TYPE . . . . .         1
          TYPE SLIDE/TIED/FRICTION.         0
          NUMBER OF NODES . . . . .      9648

     INFINITE WALL CHARACTERISTICS
          POINT M . . . . . . . . .  0.000000000000      0.000000000000      0.000000000000    
          NORMAL VECTOR . . . . . .  0.000000000000      0.000000000000      1.000000000000    
 
 --------------------------------------
 NEW DOMAIN DECOMPOSITION FOR OPTIMIZATION
 --------------------------------------
 
 DOMAIN DECOMPOSITION USING MULTILEVEL KWAY
 ------------------------------------------
 DOMAIN DECOMPOSITION OPTIMIZED FOR PARALLEL ARITHMETIC ON
 DOMAIN DECOMPOSITION : OPTIMIZED FOR BROADWELL PROCESSOR

    INTERFACES               
  --------------             



   INTERFACE NUMBER :         1 CONTACT


    TYPE==25  MUTI-TYPE IMPACTING             

    BOUND. COND. DELETED AFTER IMPACT . . . . . IN X DIR       0
       SECONDARY NODE  (1:YES 0:NO)                Y DIR       0
                                                   Z DIR       0
    STIFFNESS FORMULATION . . . . . . . . . . .                2
    STIFFNESS FACTOR. . . . . . . . . . . . . .   1.000000000000    
    CONTACT TYPES (1:S1/S1;2:S1/S2;3:N/S  . . .                1
    EDGE FLAG . . . . . . . . . . . . . . . . .             1000
    ANGLE FOR EDGE COMPUTATION (Iedge/=0) . . .   0.000000000000    
    MINIMUM STIFFNESS . . . . . . . . . . . . .   0.000000000000    
    MAXIMUM STIFFNESS . . . . . . . . . . . . .  1.0000000000000E+30
    FRICTION FACTOR . . . . . . . . . . . . . .  0.8000000000000    
    GAP FLAG. . . . . . . . . . . . . . . . . .                2
    GAP SCALE FACTOR. . . . . . . . . . . . . .   1.000000000000    
    MAXIMUM SECONDARY GAP VALUE . . . . . . . .  1.0000000000000E+30
    MAXIMUM MAIN GAP VALUE. . . . . . . . . . .  1.0000000000000E+30
    %MESHSIZE TAKEN INTO ACCOUNT FOR            
    CALCULATION OF MAXIMUM GAP(IGAP = 3). . . .   0.000000000000    
    ZERO GAP FOR SECONDARY SHELL ON FREE EDGE .             1000
    GAP SHAPE ALONG MAIN FREE EDGES             
           (1:SQUARE,2:CYLINDRICAL) . . . . . .                1
    DE-ACTIVATION FLAG IF CONFLICT W/ TYPE2 . .                1
    START TIME. . . . . . . . . . . . . . . . .   0.000000000000    
    STOP TIME . . . . . . . . . . . . . . . . .  1.0000000000000E+20
    DE-ACTIVATION OF INITIAL PENETRATIONS . . .                5
    CRITICAL DAMPING FACTOR . . . . . . . . . .  5.0000000000000E-02
    QUADRATIC DAMPING FLAG. . . . . . . . . . .                1
    FLAGREMNODE : NOT CONSIDER NEIGHBORING      
    NODES IN CASE OF ELEMENT SIZE < GAP VALUE .                2

    DELETION FLAG ON FAILURE OF MAIN ELEMENT (1:YES-ALL/2:YES-ANY/1000:NO) :     1

    FRICTION FILTERING FLAG. . . . . . . . .          0
    FILTERING FACTOR . . . . . . . . . . . .   1.000000000000    

    FRICTION MODEL 2 (Darmstad Law) :
     MU = MUo+c1*exp(c2*v)*p^2+c3*exp(c4*v)*p+c5*exp(c6*v)
    Muo. . . . . . . . . . . . . . . . . . .  0.8000000000000    
    C1 . . . . . . . . . . . . . . . . . . .   0.000000000000    
    C2 . . . . . . . . . . . . . . . . . . .   0.000000000000    
    C3 . . . . . . . . . . . . . . . . . . .   0.000000000000    
    C4 . . . . . . . . . . . . . . . . . . .   0.000000000000    
    C5 . . . . . . . . . . . . . . . . . . . -0.7200000000000    
    C6 . . . . . . . . . . . . . . . . . . .   0.000000000000    



 INTERFACE NUMBER. . . . . . . . . . . . . .         1
 INTERFACE TYPE. . . . . . . . . . . . . . .    25

  POSSIBLE IMPACT NUMBER, NSN:           0        9648
      RIGID WALL DEFINITIONS 
      ---------------------- 


     RIGID WALL NUMBER. . . . .         1
          RIGID WALL TYPE . . . . .         1
          TYPE SLIDE/TIED/FRICTION.         0
          NUMBER OF NODES . . . . .      2400
          WALL NODE NUMBER. . . . .    999999
          WALL MASS . . . . . . . .     300.0    
          WALL X-VELOCITY . . . . .     0.000    
          WALL Y-VELOCITY . . . . .     0.000    
          WALL Z-VELOCITY . . . . .    -8.330    

     INFINITE WALL CHARACTERISTICS
          POINT M . . . . . . . . .  0.000000000000      0.000000000000      801.0000000000    
          NORMAL VECTOR . . . . . .  0.000000000000      0.000000000000     -1.000000000000    

     RIGID WALL NUMBER. . . . .         2
          RIGID WALL TYPE . . . . .         1
          TYPE SLIDE/TIED/FRICTION.         0
          NUMBER OF NODES . . . . .      9648

     INFINITE WALL CHARACTERISTICS
          POINT M . . . . . . . . .  0.000000000000      0.000000000000      0.000000000000    
          NORMAL VECTOR . . . . . .  0.000000000000      0.000000000000      1.000000000000    



 SHELL GROUP         1 VECTORIZATION CODE =    0
 SHELL GROUP         2 VECTORIZATION CODE =    0
 SHELL GROUP         3 VECTORIZATION CODE =    0
 SHELL GROUP         4 VECTORIZATION CODE =    0
 SHELL GROUP         5 VECTORIZATION CODE =    0
 SHELL GROUP         6 VECTORIZATION CODE =    0
 SHELL GROUP         7 VECTORIZATION CODE =    0
 SHELL GROUP         8 VECTORIZATION CODE =    0
 SHELL GROUP         9 VECTORIZATION CODE =    0
 SHELL GROUP        10 VECTORIZATION CODE =    2
 SHELL GROUP        11 VECTORIZATION CODE =    0
 SHELL GROUP        12 VECTORIZATION CODE =    0
 SHELL GROUP        13 VECTORIZATION CODE =    0
 SHELL GROUP        14 VECTORIZATION CODE =    0
 SHELL GROUP        15 VECTORIZATION CODE =    0
 SHELL GROUP        16 VECTORIZATION CODE =    0
 SHELL GROUP        17 VECTORIZATION CODE =    0
 SHELL GROUP        18 VECTORIZATION CODE =    0
 SHELL GROUP        19 VECTORIZATION CODE =    0
 SHELL GROUP        20 VECTORIZATION CODE =    0
 SHELL GROUP        21 VECTORIZATION CODE =    0
 SHELL GROUP        22 VECTORIZATION CODE =    0
 SHELL GROUP        23 VECTORIZATION CODE =    0
 SHELL GROUP        24 VECTORIZATION CODE =    0
 SHELL GROUP        25 VECTORIZATION CODE =    0
 SHELL GROUP        26 VECTORIZATION CODE =    0
 SHELL GROUP        27 VECTORIZATION CODE =    0
 SHELL GROUP        28 VECTORIZATION CODE =    0
 SHELL GROUP        29 VECTORIZATION CODE =    0
 SHELL GROUP        30 VECTORIZATION CODE =    0
 SHELL GROUP        31 VECTORIZATION CODE =    0
 SHELL GROUP        32 VECTORIZATION CODE =    0
 SHELL GROUP        33 VECTORIZATION CODE =    0
 SHELL GROUP        34 VECTORIZATION CODE =    0
 SHELL GROUP        35 VECTORIZATION CODE =    0
 SHELL GROUP        36 VECTORIZATION CODE =    0
 SHELL GROUP        37 VECTORIZATION CODE =    0
 SHELL GROUP        38 VECTORIZATION CODE =    0
 SHELL GROUP        39 VECTORIZATION CODE =    0
 SHELL GROUP        40 VECTORIZATION CODE =    0
 SHELL GROUP        41 VECTORIZATION CODE =    0
 SHELL GROUP        42 VECTORIZATION CODE =    0
 SHELL GROUP        43 VECTORIZATION CODE =    0
 SHELL GROUP        44 VECTORIZATION CODE =    0
 SHELL GROUP        45 VECTORIZATION CODE =    0
 SHELL GROUP        46 VECTORIZATION CODE =    0
 SHELL GROUP        47 VECTORIZATION CODE =    0
 SHELL GROUP        48 VECTORIZATION CODE =    0
 SHELL GROUP        49 VECTORIZATION CODE =    0
 SHELL GROUP        50 VECTORIZATION CODE =    0
 SHELL GROUP        51 VECTORIZATION CODE =    0
 SHELL GROUP        52 VECTORIZATION CODE =    0
 SHELL GROUP        53 VECTORIZATION CODE =    0
 SHELL GROUP        54 VECTORIZATION CODE =    0
 SHELL GROUP        55 VECTORIZATION CODE =    0
 SHELL GROUP        56 VECTORIZATION CODE =    0
 SHELL GROUP        57 VECTORIZATION CODE =    0
 SHELL GROUP        58 VECTORIZATION CODE =    0
 SHELL GROUP        59 VECTORIZATION CODE =    0
 SHELL GROUP        60 VECTORIZATION CODE =    0
 SHELL GROUP        61 VECTORIZATION CODE =    0
 SHELL GROUP        62 VECTORIZATION CODE =    0
 SHELL GROUP        63 VECTORIZATION CODE =    0
 SHELL GROUP        64 VECTORIZATION CODE =    0
 SHELL GROUP        65 VECTORIZATION CODE =    0
 SHELL GROUP        66 VECTORIZATION CODE =    0
 SHELL GROUP        67 VECTORIZATION CODE =    0
 SHELL GROUP        68 VECTORIZATION CODE =    0
 SHELL GROUP        69 VECTORIZATION CODE =    0
 SHELL GROUP        70 VECTORIZATION CODE =    0
 SHELL GROUP        71 VECTORIZATION CODE =    0
 SHELL GROUP        72 VECTORIZATION CODE =    0
 SHELL GROUP        73 VECTORIZATION CODE =    0
 SHELL GROUP        74 VECTORIZATION CODE =    0
 SHELL GROUP        75 VECTORIZATION CODE =    0


PART MASS & INERTIA
-------------------


PART :        101, Part_101
            Mass             Ixx             Iyy             Izz             Ixy             Iyz             Izx
  3.01320382E+00  1.64128881E+05  1.67122591E+05  1.00886269E+04 -4.37427872E-14  1.30175588E-12 -2.29304421E-12
               X               Y               Z     Kin. Energy              Vx              Vy              Vz
 -2.21301891E-15  9.62582628E-16  3.99815294E+02  0.00000000E+00  0.00000000E+00  0.00000000E+00  0.00000000E+00


PART ELEMENT/MATERIAL PARAMETER REVIEW:
-----------------------

Part id,name:       101 Part_101               Mat type:  44 Elm type: SHELL-4nodes           
----
  Ishell  Ismstr   Idril     NPT    ITHK   IPLAS    IPOS
      24       2       2       3       1       1       0
--      hm        hf        hr        dm        dn
    0.0000    0.0000    0.0000    0.0150    0.0150



     TOTAL MASS AND MASS CENTER
     --------------------------
                     MASS                    X                    Y                    Z

       303.0132038203     -3.1460673230388E-16  6.7227624148279E-17   797.0105656376    


     TOTAL INERTIA
     -------------
                      IXX                  IYY                  IZZ                  IXY                  IYZ                  IZX
       644278.8957427       647272.6057679       10088.62691776     -1.5742962489185E-13  2.9263589940644E-11 -8.2082574459715E-11



      ADDED NODAL NON-STRUCTURAL MASSES 
     -----------------------------------

      TOTAL ADDED MASS =   0.000000000000    


 

         SHELL ELEMENTS TIME STEP
         ------------------------

      TIME STEP       ELEMENT NUMBER
  7.4328725562597E-04           8988
  7.4328725562597E-04           8977
  7.4328725562597E-04           8953
  7.4328725562597E-04           8964
  7.4400523535374E-04           5041
  7.4400523535374E-04           5052
  7.4400523535374E-04           5028
  7.4400523535374E-04           5017
  7.4488133310103E-04           9037
  7.4488133310103E-04           8928
  7.4488133310103E-04           8952
  7.4488133310103E-04           9013
  7.4488133310103E-04           8941
  7.4488133310103E-04           9024
  7.4488133310103E-04           8917
  7.4488133310103E-04           9048
  7.4498769153741E-04           6754
  7.4498769153741E-04           6682
  7.4498769153741E-04           6683
  7.4498769153741E-04           6650
  7.4498769153741E-04           6723
  7.4498769153741E-04           6755
  7.4498769153741E-04           6721
  7.4498769153741E-04           6722
  7.4498769153741E-04           6684
  7.4498769153741E-04           6756
  7.4498769153741E-04           6649
  7.4498769153741E-04           6651
  7.4500579068819E-04           4582
  7.4500579068819E-04           3958
  7.4500579068885E-04           4019
  7.4500579068885E-04           4357
  7.4500579068885E-04           4643
  7.4500579068885E-04           3733
  7.4500579068885E-04           4010
  7.4500579068885E-04           4634
  7.4500579068885E-04           4348
  7.4500579068885E-04           3750
  7.4500579068885E-04           3724
  7.4500579068885E-04           4374
  7.4500579068885E-04           4608
  7.4500579068885E-04           3984
  7.4500579068885E-04           3881
  7.4500579068885E-04           3729
  7.4500579068885E-04           4353
  7.4500579068885E-04           4639
  7.4500579068885E-04           4015
  7.4500579068885E-04           3855
  7.4500579068885E-04           4505
  7.4500579068885E-04           4479
  7.4500579068885E-04           4453
  7.4500579068885E-04           3829
  7.4500579068885E-04           3907
  7.4500579068885E-04           4531
  7.4500579068952E-04           4400
  7.4500579068952E-04           3776
  7.4500579069413E-04           4589
  7.4500579069413E-04           3965
  7.4500579069585E-04           4617
  7.4500579069585E-04           3759
  7.4500579069585E-04           3993
  7.4500579069585E-04           4383
  7.4500579069585E-04           4556
  7.4500579069585E-04           4426
  7.4500579069585E-04           3932
  7.4500579069585E-04           3802
  7.4500579069585E-04           4379
  7.4500579069585E-04           3989
  7.4500579069585E-04           4613
  7.4500579069585E-04           3755
  7.4500579069585E-04           3933
  7.4500579069585E-04           3803
  7.4500579069585E-04           4557
  7.4500579069585E-04           4427
  7.4500579069585E-04           4615
  7.4500579069585E-04           4381
  7.4500579069585E-04           3991
  7.4500579069585E-04           3757
  7.4500579069585E-04           3783
  7.4500579069585E-04           4407
  7.4500579070228E-04           3970
  7.4500579070228E-04           4594
  7.4500579070272E-04          10006
  7.4500579070272E-04          12334
  7.4500579070272E-04          12406
  7.4500579070272E-04           6670
  7.4500579070272E-04           9934
  7.4500579070272E-04           6742
  7.4500579070272E-04          12606
  7.4500579070272E-04          12402
  7.4500579070272E-04           9933
  7.4500579070272E-04           9558
  7.4500579070272E-04           5327
  7.4500579070272E-04          12405
  7.4500579070272E-04           6071
  7.4500579070272E-04           8170
  7.4500579070272E-04          12333
  7.4500579070272E-04           9150
  7.4500579070272E-04          10005
  7.4500579070272E-04          13014
  7.4500579070272E-04           6666
  7.4500579070272E-04          12330
  7.4500579070272E-04          10002
  7.4500579070272E-04           9930
  7.4500579070272E-04           6741
  7.4500579070272E-04           7138
  7.4500579070272E-04           6669
  7.4500579070272E-04           6738
  7.4500579070272E-04           6736
  7.4500579070272E-04          10003
  7.4500579070272E-04           6667
  7.4500579070272E-04          12400
  7.4500579070272E-04           9134
  7.4500579070272E-04          10000
  7.4500579070272E-04          12403
  7.4500579070272E-04           6739
  7.4500579070272E-04           9936
  7.4500579070272E-04           3901
  7.4500579070272E-04           6664
  7.4500579070272E-04          10008
  7.4500579070272E-04          12336
  7.4500579070272E-04           4525
  7.4500579070272E-04          12590
  7.4500579070272E-04           6744
  7.4500579070272E-04           3878
  7.4500579070272E-04          12408
  7.4500579070272E-04           6672
  7.4500579070272E-04          12998
  7.4500579070272E-04          10379
  7.4500579070272E-04           4502
  7.4500579070272E-04          12331
  7.4500579070272E-04           5301
  7.4500579070272E-04           9542
  7.4500579070272E-04          11459
  7.4500579070272E-04          12328
  7.4500579070272E-04           9931
  7.4500579070272E-04           9928
  7.4500579070272E-04           6045
  7.4500579070485E-04           9593
  7.4500579070485E-04           3939
  7.4500579070485E-04           6678
  7.4500579070485E-04           6675
  7.4500579070485E-04           9627
  7.4500579070485E-04           9202
  7.4500579070485E-04           9219
  7.4500579070485E-04           4563
  7.4500579070485E-04           4553
  7.4500579070485E-04           9610
  7.4500579070485E-04           9576
  7.4500579070485E-04           6168
  7.4500579070485E-04           9591
  7.4500579070485E-04           9168
  7.4500579070485E-04          12339
  7.4500579070485E-04           9235
  7.4500579070485E-04           9218
  7.4500579070485E-04           9183
  7.4500579070485E-04           9201
  7.4500579070485E-04          12345
  7.4500579070485E-04           9184
  7.4500579070485E-04           9196
  7.4500579070485E-04           9213
  7.4500579070485E-04           9621
  7.4500579070485E-04          12342
  7.4500579070485E-04           9643
  7.4500579070485E-04          12652
  7.4500579070485E-04          12417
  7.4500579070485E-04           9609
  7.4500579070485E-04           4527
  7.4500579070485E-04           4528
  7.4500579070485E-04           9626
  7.4500579070485E-04          12669
  7.4500579070485E-04          11501
  7.4500579070485E-04          12411
  7.4500579070485E-04          12414
  7.4500579070485E-04          13077
  7.4500579070485E-04          13060
  7.4500579070485E-04           9604
  7.4500579070485E-04          11546
  7.4500579070485E-04           5332
  7.4500579070485E-04           5361
  7.4500579070485E-04          10466
  7.4500579070485E-04          12415
  7.4500579070485E-04          12412
  7.4500579070485E-04          12409
  7.4500579070485E-04           5330
  7.4500579070485E-04           9169
  7.4500579070485E-04          12343
  7.4500579070485E-04           9577
  7.4500579070485E-04           6105
  7.4500579070485E-04           6074
  7.4500579070485E-04           4568
  7.4500579070485E-04          10424


         NODAL TIME STEP (estimation)
         ---------------

      TIME STEP       NODE NUMBER
  7.4499673972758E-04        1000997
  7.4499673972758E-04        1001009
  7.4499673972758E-04        1000998
  7.4499673972758E-04        1001010
  7.4499673972865E-04        1001007
  7.4499673972865E-04        1000995
  7.4499673972865E-04        1001008
  7.4499673972865E-04        1000996
  7.4500579069709E-04        1003829
  7.4500579069709E-04        1003379
  7.4500579069742E-04        1003704
  7.4500579069742E-04        1003804
  7.4500579069742E-04        1003254
  7.4500579069742E-04        1003354
  7.4500579069776E-04        1003229
  7.4500579069776E-04        1003679
  7.4500579069866E-04        1003403
  7.4500579069866E-04        1003404
  7.4500579069866E-04        1003853
  7.4500579069866E-04        1003854
  7.4500579069900E-04        1000510
  7.4500579069900E-04        1000535
  7.4500579069900E-04        1000360
  7.4500579069900E-04        1000385
  7.4500579069900E-04        1003330
  7.4500579069900E-04        1000386
  7.4500579069900E-04        1003305
  7.4500579069900E-04        1003304
  7.4500579069900E-04        1003280
  7.4500579069900E-04        1003279
  7.4500579069900E-04        1003329
  7.4500579069900E-04        1003754
  7.4500579069900E-04        1003780
  7.4500579069900E-04        1003779
  7.4500579069900E-04        1003755
  7.4500579069900E-04        1000511
  7.4500579069900E-04        1003729
  7.4500579069900E-04        1003730
  7.4500579069900E-04        1000536
  7.4500579069900E-04        1000361
  7.4500579069933E-04        1003203
  7.4500579069933E-04        1003653
  7.4500579069933E-04        1003654
  7.4500579069933E-04        1003204
  7.4500579070010E-04        1000370
  7.4500579070010E-04        1000520
  7.4500579070010E-04        1000395
  7.4500579070010E-04        1000545
  7.4500579070010E-04        1000366
  7.4500579070010E-04        1000516
  7.4500579070010E-04        1000541
  7.4500579070010E-04        1000391
  7.4500579070041E-04        1003378
  7.4500579070041E-04        1003828
  7.4500579070075E-04        1000394
  7.4500579070075E-04        1000519
  7.4500579070075E-04        1000369
  7.4500579070075E-04        1000544
  7.4500579070075E-04        1000540
  7.4500579070075E-04        1000365
  7.4500579070075E-04        1003255
  7.4500579070075E-04        1000515
  7.4500579070075E-04        1000390
  7.4500579070075E-04        1003705
  7.4500579070075E-04        1003355
  7.4500579070075E-04        1003805
  7.4500579070108E-04        1003228
  7.4500579070108E-04        1003678
  7.4500579070126E-04        1003860
  7.4500579070126E-04        1003410
  7.4500579070142E-04        1003861
  7.4500579070142E-04        1003411
  7.4500579070185E-04        1003211
  7.4500579070185E-04        1003661
  7.4500579070185E-04        1003210
  7.4500579070185E-04        1003660
  7.4500579070351E-04        1003836
  7.4500579070351E-04        1003386
  7.4500579070389E-04        1003663
  7.4500579070389E-04        1003863
  7.4500579070389E-04        1003213
  7.4500579070389E-04        1003413
  7.4500579070412E-04        1000265
  7.4500579070412E-04        1000264
  7.4500579070412E-04        1000282
  7.4500579070412E-04        1000283
  7.4500579070415E-04        1003835
  7.4500579070415E-04        1003385
  7.4500579070427E-04        1003209
  7.4500579070427E-04        1003659
  7.4500579070453E-04        1003212
  7.4500579070453E-04        1003862
  7.4500579070453E-04        1003662
  7.4500579070453E-04        1003412
  7.4500579070484E-04        1003859
  7.4500579070484E-04        1003409
  7.4500579070485E-04        1000286
  7.4500579070485E-04        1000269
  7.4500579070485E-04        1000268
  7.4500579070485E-04        1000287
  7.4500579070485E-04        1000303
  7.4500579070485E-04        1000267
  7.4500579070485E-04        1000285
  7.4500579070485E-04        1000321
  7.4500579070508E-04        1003208
  7.4500579070508E-04        1003658
  7.4500579070518E-04        1000542
  7.4500579070518E-04        1000392
  7.4500579070518E-04        1000517
  7.4500579070518E-04        1000367
  7.4500579070519E-04        1006860
  7.4500579070519E-04        1006845
  7.4500579070519E-04        1009437
  7.4500579070519E-04        1000266
  7.4500579070519E-04        1009149
  7.4500579070519E-04        1007133
  7.4500579070519E-04        1000284
  7.4500579070519E-04        1009164
  7.4500579070519E-04        1009452
  7.4500579070519E-04        1007148
  7.4500579070539E-04        1003776
  7.4500579070539E-04        1003326
  7.4500579070539E-04        1003350
  7.4500579070539E-04        1003800
  7.4500579070549E-04        1003408
  7.4500579070549E-04        1003858
  7.4500579070549E-04        1003830
  7.4500579070549E-04        1003380
  7.4500579070550E-04        1003415
  7.4500579070550E-04        1003865
  7.4500579070551E-04        1003236
  7.4500579070551E-04        1003686
  7.4500579070552E-04        1000318
  7.4500579070552E-04        1000300
  7.4500579070555E-04        1003841
  7.4500579070555E-04        1003391
  7.4500579070555E-04        1003840
  7.4500579070555E-04        1003390
  7.4500579070572E-04        1003301
  7.4500579070572E-04        1003775
  7.4500579070572E-04        1009133
  7.4500579070572E-04        1009436
  7.4500579070572E-04        1003325
  7.4500579070572E-04        1003751
  7.4500579070572E-04        1009148
  7.4500579070572E-04        1007132
  7.4500579070572E-04        1006844
  7.4500579070572E-04        1006829
  7.4500579070572E-04        1007117
  7.4500579070572E-04        1009421
  7.4500579070582E-04        1003703
  7.4500579070582E-04        1003253
  7.4500579070582E-04        1003353
  7.4500579070582E-04        1003803
  7.4500579070582E-04        1000368
  7.4500579070582E-04        1000518
  7.4500579070582E-04        1000543
  7.4500579070582E-04        1000393
  7.4500579070593E-04        1006861
  7.4500579070593E-04        1009165
  7.4500579070593E-04        1007149
  7.4500579070593E-04        1003351
  7.4500579070593E-04        1009453
  7.4500579070593E-04        1003801
  7.4500579070593E-04        1006876
  7.4500579070593E-04        1009468
  7.4500579070593E-04        1003375
  7.4500579070593E-04        1003825
  7.4500579070593E-04        1009180
  7.4500579070593E-04        1007164
  7.4500579070593E-04        1002971
  7.4500579070593E-04        1003134
  7.4500579070593E-04        1003008
  7.4500579070593E-04        1005227
  7.4500579070593E-04        1003097
  7.4500579070593E-04        1009006
  7.4500579070593E-04        1007351
  7.4500579070593E-04        1005226
  7.4500579070593E-04        1007350
  7.4500579070593E-04        1002953
  7.4500579070593E-04        1007386
  7.4500579070593E-04        1009042
  7.4500579070593E-04        1009043
  7.4500579070593E-04        1003115
  7.4500579070593E-04        1005191
  7.4500579070593E-04        1002990
  7.4500579070593E-04        1003152
  7.4500579070593E-04        1007387
  7.4500579070593E-04        1005190
  7.4500579070593E-04        1009007
  7.4500579070593E-04        1002972
  7.4500579070593E-04        1005189


         NODAL TIME STEP DISTRIBUTION 
         ----------------------------


            % OF NODES
                   ^
                   |                                                            
          43.093 --|#                                                           
                   |#                                                           
                   |#                                                           
                   |#                                                           
                   |#                                                           
                   |#                                                           
                   |#                                                           
                   |#                                                       #   
                   |#                                                       #   
                   |#                                                       #   
                   |#                                                       #   
                   |#                                                       #   
                   |#                                                       #   
                   |#                                                       #   
                   |#                                                       #   
                   |#                                                       #   
                   |#                                                       #   
                   |#                                                       #   
                   |#                                                       #   
                   |#                      #                                #   
                   |#                      #                                #   
                   |#                      #                                #   
           0.000 --|#  #   #  #  #   #  #  #  #   #  #  #  #   #  #  #   #  # # 
                    -------------------------------------------------------------> NODAL TIME STEP
                    |                                                          |
                7.450E-04                                                  7.470E-04
  
  


     INITIAL ADDED MASS ESTIMATION for /DT/NODA/CST
     ----------------------------------------------


            DM/M - at first cycle - scaling factor = 0.9
                   ^
                   |                                                            
           0.100 --|                                                          * 
                   |                                                            
                   |                                                       *    
                   |                                                     *      
                   |                                                   *        
                   |                                                 *          
                   |                                                            
                   |                                              *             
                   |                                            *               
                   |                                         *                  
                   |                                       *                    
                   |                                    *                       
                   |                                                            
                   |                                 *                          
                   |                              *                             
                   |                           *                                
                   |                        *                                   
                   |                    *                                       
                   |                                                            
                   |                 *                                          
                   |             *                                              
                   |         *                                                  
           0.005 --|*   *                                                       
                    -------------------------------------------------------------> TARGET TIME STEP
                    |                                                          |
                8.244E-04                                                  2.236E-03
  
  
              DM/M at first cycle          |  Target time step - scaling factor = 0.9  |  Target time step - scaling factor = 0.67
    -------------------------------------  |  ---------------------------------------  |  ---------------------------------------
                 1.000E-02                 |                 9.523E-04                 |                 7.090E-04
                 2.000E-02                 |                 1.167E-03                 |                 8.687E-04
                 3.000E-02                 |                 1.348E-03                 |                 1.003E-03
                 4.000E-02                 |                 1.507E-03                 |                 1.122E-03
                 5.000E-02                 |                 1.651E-03                 |                 1.229E-03


    WARNING : These added mass estimations are valid at first cycle only.
    Because of element deformation or contacts the added mass can increase during the run



WARNING ID :    312
** INCOMPATIBLE KINEMATIC CONDITIONS IN MODEL
DESCRIPTION :  
    2448 INCOMPATIBLE KINEMATIC CONDITIONS IN MODEL
                                             
                                             
 SUMMARY OF POSSIBLE INCOMPATIBLE KINEMATIC CONDITIONS :
 -----------------------------------------------------
                                  
 - POSSIBLE INCOMPATIBLE KINEMATIC CONDITIONS BETWEEN
     SEVERAL RIGID WALLS
                                             
                                             
 - POSSIBLE INCOMPATIBLE KINEMATIC CONDITIONS BETWEEN:
     BOUNDARY CONDITION
     RIGID WALL
                                             
                                             

 
    STARTER STORAGE 
    --------------- 
 
    STARTER MEMORY USAGE        229 MB


     LOCAL ENGINE STORAGE EVALUATION FOR SPMD PROCESSOR     1
     --------------------------------------------------------
        RESTART FILE SIZE        16 MB
 

     RESTART FILES combine_0000 WRITTEN
     -------------

  
------------------------------------------------------------------------
  
                   ** COMPUTE TIME INFORMATION **
  
 EXECUTION STARTED      :      2026/01/11  22:57:59
 EXECUTION COMPLETED    :      2026/01/11  22:58:01
  
 ELAPSED TIME...........=          1.04 s
                               00:00:01
  
------------------------------------------------------------------------



     TERMINATION WITH WARNING           
     ------------------                                                                  


------------------------------------------------------------------------------------------------------------------------
|            ERROR(S) SUMMARY                               |             WARNING(S) SUMMARY                           |
------------------------------------------------------------------------------------------------------------------------
|                                                           |                                                          |
|                                                           |  --- GLOBAL UNITS                           2 WARNING(S) |
|                                                           |       |                                                  |
|                                                           |       |                                                  |
|                                                           |       |---     2 WARNING ID :       100214               |
|                                                           |       | ** WARNING IN INPUT OPTIONS                      |
|                                                           |       |                                                  |
|                                                           |                                                          |
|                                                           |                                                          |
|                                                           |  --- KINEMATIC CONDITIONS                   1 WARNING(S) |
|                                                           |       |                                                  |
|                                                           |       |                                                  |
|                                                           |       |---     1 WARNING ID :          312               |
|                                                           |       | ** INCOMPATIBLE KINEMATIC CONDITIONS IN MODEL    |
|                                                           |       |                                                  |
|                                                           |                                                          |
|                                                           |                                                          |
------------------------------------------------------------------------------------------------------------------------




              0 ERROR(S)            
              3 WARNING(S)          


